// Jest Snapshot v1, https://goo.gl/fbAQLP

exports[`GoogleMapWithMarker renders correctly 1`] = `
<withScriptjs(withGoogleMap(Component))
  center={
    Object {
      "lat": 50.7983845,
      "lng": 0.001313,
    }
  }
  containerElement={
    <div
      style={
        Object {
          "height": "400px",
        }
      }
    />
  }
  googleMapURL="https://maps.googleapis.com/maps/api/js?key=AIzaSyCBUAx3W_ykWX9gSePohkLo-TRTeNV9iwI&v=3.exp&libraries=geometry,drawing,places"
  loadingElement={
    <div
      style={
        Object {
          "height": "100%",
        }
      }
    />
  }
  mapElement={
    <div
      style={
        Object {
          "height": "100%",
        }
      }
    />
  }
  zoom={11}
/>
`;
