// Jest Snapshot v1, https://goo.gl/fbAQLP

exports[`AreaPriceChart renders correctly 1`] = `
<div>
  <LineChart
    axes={true}
    axisLabels={
      Object {
        "x": "Last 5 years",
        "y": "Average property price",
      }
    }
    clickHandler={[Function]}
    data={
      Array [
        Array [
          Object {
            "x": "present",
            "y": 2100500,
          },
          Object {
            "x": "3 months",
            "y": 2120500,
          },
          Object {
            "x": "6 months",
            "y": 2150000,
          },
          Object {
            "x": "1 year",
            "y": 2000200,
          },
        ],
      ]
    }
    dataPoints={true}
    datePattern="%d-%b-%y"
    height={300}
    interpolate="cardinal"
    lineColors={Array []}
    mouseMoveHandler={[Function]}
    mouseOutHandler={[Function]}
    mouseOverHandler={[Function]}
    width={700}
    xType="text"
    yType="linear"
  />
</div>
`;
