// Jest Snapshot v1, https://goo.gl/fbAQLP

exports[`AreaOverviewDetails renders correctly 1`] = `
<ul>
  <li>
    Area: 
     BN10
  </li>
  <li>
    Country: 
    England
  </li>
  <li>
    County: 
    East Sussex
  </li>
  <li>
    PostCode: 
    BN10
  </li>
  <li>
     Average property price: Â£
    295212
     
  </li>
</ul>
`;
